

krishnas-MacBook-Air:/ krishna$ git
usage: git [--version] [--help] [-C <path>] [-c name=value]
           [--exec-path[=<path>]] [--html-path] [--man-path] [--info-path]
           [-p | --paginate | --no-pager] [--no-replace-objects] [--bare]
           [--git-dir=<path>] [--work-tree=<path>] [--namespace=<name>]
           <command> [<args>]

These are common Git commands used in various situations:

start a working area (see also: git help tutorial)
   clone      Clone a repository into a new directory
   init       Create an empty Git repository or reinitialize an existing one

work on the current change (see also: git help everyday)
   add        Add file contents to the index
   mv         Move or rename a file, a directory, or a symlink
   reset      Reset current HEAD to the specified state
   rm         Remove files from the working tree and from the index

examine the history and state (see also: git help revisions)
   bisect     Use binary search to find the commit that introduced a bug
   grep       Print lines matching a pattern
   log        Show commit logs
   show       Show various types of objects
   status     Show the working tree status

grow, mark and tweak your common history
   branch     List, create, or delete branches
   checkout   Switch branches or restore working tree files
   commit     Record changes to the repository
   diff       Show changes between commits, commit and working tree, etc
   merge      Join two or more development histories together
   rebase     Reapply commits on top of another base tip
   tag        Create, list, delete or verify a tag object signed with GPG

collaborate (see also: git help workflows)
   fetch      Download objects and refs from another repository
   pull       Fetch from and integrate with another repository or a local branch
   push       Update remote refs along with associated objects

'git help -a' and 'git help -g' list available subcommands and some
concept guides. See 'git help <command>' or 'git help <concept>'
to read about a specific subcommand or concept.
krishnas-MacBook-Air:/ krishna$ git --version
git version 2.15.1


krishnas-MacBook-Air:MyNotes krishna$ git init
Initialized empty Git repository in /Users/krishna/Documents/MyNotes/.git/

krishnas-MacBook-Air:MyNotes krishna$ ls
GoogleCloudNotes.txt	HelloWorld.txt		MyGit.txt

krishnas-MacBook-Air:MyNotes krishna$ ls -a
.			..			.git			GoogleCloudNotes.txt	HelloWorld.txt		MyGit.txt


krishnas-MacBook-Air:MyNotes krishna$ ls -al
total 24
drwxr-xr-x   6 krishna  staff   192 May  1 00:23 .
drwx------+ 18 krishna  staff   576 Apr 29 15:13 ..
drwxr-xr-x  10 krishna  staff   320 May  1 00:23 .git
-rw-r--r--   1 krishna  staff     6 Apr 30 23:24 GoogleCloudNotes.txt
-rw-r--r--   1 krishna  staff    13 Apr 30 23:24 HelloWorld.txt
-rw-r--r--   1 krishna  staff  2106 Apr 30 23:28 MyGit.txt


krishnas-MacBook-Air:MyNotes krishna$ git add .

krishnas-MacBook-Air:MyNotes krishna$ git commit -m "this is my first commit"
[master (root-commit) 1702b38] this is my first commit
 3 files changed, 47 insertions(+)
 create mode 100644 GoogleCloudNotes.txt
 create mode 100644 HelloWorld.txt
 create mode 100644 MyGit.txt

krishnas-MacBook-Air:MyNotes krishna$ git log
commit 1702b385b841498622e02f9ea3a867055c22cb9e (HEAD -> master)
Author: Krish <iamkrishv@gmail.com>
Date:   Tue May 1 00:33:29 2018 +0200

    this is my first commit

krishnas-MacBook-Air:MyNotes krishna$ git config
usage: git config [<options>]

Config file location
    --global              use global config file
    --system              use system config file
    --local               use repository config file
    -f, --file <file>     use given config file
    --blob <blob-id>      read config from given blob object

Action
    --get                 get value: name [value-regex]
    --get-all             get all values: key [value-regex]
    --get-regexp          get values for regexp: name-regex [value-regex]
    --get-urlmatch        get value specific for the URL: section[.var] URL
    --replace-all         replace all matching variables: name value [value_regex]
    --add                 add a new variable: name value
    --unset               remove a variable: name [value-regex]
    --unset-all           remove all matches: name [value-regex]
    --rename-section      rename section: old-name new-name
    --remove-section      remove a section: name
    -l, --list            list all
    -e, --edit            open an editor
    --get-color           find the color configured: slot [default]
    --get-colorbool       find the color setting: slot [stdout-is-tty]

Type
    --bool                value is "true" or "false"
    --int                 value is decimal number
    --bool-or-int         value is --bool or --int
    --path                value is a path (file or directory name)

Other
    -z, --null            terminate values with NUL byte
    --name-only           show variable names only
    --includes            respect include directives on lookup
    --show-origin         show origin of config (file, standard input, blob, command line)

krishnas-MacBook-Air:MyNotes krishna$ git config --lia
error: unknown option `lia'
usage: git config [<options>]

Config file location
    --global              use global config file
    --system              use system config file
    --local               use repository config file
    -f, --file <file>     use given config file
    --blob <blob-id>      read config from given blob object

Action
    --get                 get value: name [value-regex]
    --get-all             get all values: key [value-regex]
    --get-regexp          get values for regexp: name-regex [value-regex]
    --get-urlmatch        get value specific for the URL: section[.var] URL
    --replace-all         replace all matching variables: name value [value_regex]
    --add                 add a new variable: name value
    --unset               remove a variable: name [value-regex]
    --unset-all           remove all matches: name [value-regex]
    --rename-section      rename section: old-name new-name
    --remove-section      remove a section: name
    -l, --list            list all
    -e, --edit            open an editor
    --get-color           find the color configured: slot [default]
    --get-colorbool       find the color setting: slot [stdout-is-tty]

Type
    --bool                value is "true" or "false"
    --int                 value is decimal number
    --bool-or-int         value is --bool or --int
    --path                value is a path (file or directory name)

Other
    -z, --null            terminate values with NUL byte
    --name-only           show variable names only
    --includes            respect include directives on lookup
    --show-origin         show origin of config (file, standard input, blob, command line)

krishnas-MacBook-Air:MyNotes krishna$ git config --list
core.excludesfile=~/.gitignore
core.legacyheaders=false
core.quotepath=false
mergetool.keepbackup=true
push.default=simple
color.ui=auto
color.interactive=auto
repack.usedeltabaseoffset=true
alias.s=status
alias.a=!git add . && git status
alias.au=!git add -u . && git status
alias.aa=!git add . && git add -u . && git status
alias.c=commit
alias.cm=commit -m
alias.ca=commit --amend
alias.ac=!git add . && git commit
alias.acm=!git add . && git commit -m
alias.l=log --graph --all --pretty=format:'%C(yellow)%h%C(cyan)%d%Creset %s %C(white)- %an, %ar%Creset'
alias.ll=log --stat --abbrev-commit
alias.lg=log --color --graph --pretty=format:'%C(bold white)%h%Creset -%C(bold green)%d%Creset %s %C(bold green)(%cr)%Creset %C(bold blue)<%an>%Creset' --abbrev-commit --date=relative
alias.llg=log --color --graph --pretty=format:'%C(bold white)%H %d%Creset%n%s%n%+b%C(bold blue)%an <%ae>%Creset %C(bold green)%cr (%ci)' --abbrev-commit
alias.d=diff
alias.master=checkout master
alias.spull=svn rebase
alias.spush=svn dcommit
alias.alias=!git config --list | grep 'alias\.' | sed 's/alias\.\([^=]*\)=\(.*\)/\1\	 => \2/' | sort
include.path=~/.gitcinclude
include.path=.githubconfig
include.path=.gitcredential
diff.exif.textconv=exif
credential.helper=osxkeychain
user.name=Krish
user.email=iamkrishv@gmail.com
core.repositoryformatversion=0
core.filemode=true
core.bare=false
core.logallrefupdates=true
core.ignorecase=true
core.precomposeunicode=true
krishnas-MacBook-Air:MyNotes krishna$ git config global user.name=krishna
error: key does not contain a section: global
krishnas-MacBook-Air:MyNotes krishna$ git config --global user.name=krishna
error: invalid key: user.name=krishna
krishnas-MacBook-Air:MyNotes krishna$ git config --global user.name "krishna"
krishnas-MacBook-Air:MyNotes krishna$ git config --list
core.excludesfile=~/.gitignore
core.legacyheaders=false
core.quotepath=false
mergetool.keepbackup=true
push.default=simple
color.ui=auto
color.interactive=auto
repack.usedeltabaseoffset=true
alias.s=status
alias.a=!git add . && git status
alias.au=!git add -u . && git status
alias.aa=!git add . && git add -u . && git status
alias.c=commit
alias.cm=commit -m
alias.ca=commit --amend
alias.ac=!git add . && git commit
alias.acm=!git add . && git commit -m
alias.l=log --graph --all --pretty=format:'%C(yellow)%h%C(cyan)%d%Creset %s %C(white)- %an, %ar%Creset'
alias.ll=log --stat --abbrev-commit
alias.lg=log --color --graph --pretty=format:'%C(bold white)%h%Creset -%C(bold green)%d%Creset %s %C(bold green)(%cr)%Creset %C(bold blue)<%an>%Creset' --abbrev-commit --date=relative
alias.llg=log --color --graph --pretty=format:'%C(bold white)%H %d%Creset%n%s%n%+b%C(bold blue)%an <%ae>%Creset %C(bold green)%cr (%ci)' --abbrev-commit
alias.d=diff
alias.master=checkout master
alias.spull=svn rebase
alias.spush=svn dcommit
alias.alias=!git config --list | grep 'alias\.' | sed 's/alias\.\([^=]*\)=\(.*\)/\1\	 => \2/' | sort
include.path=~/.gitcinclude
include.path=.githubconfig
include.path=.gitcredential
diff.exif.textconv=exif
credential.helper=osxkeychain
user.name=krishna
user.email=iamkrishv@gmail.com
core.repositoryformatversion=0
core.filemode=true
core.bare=false
core.logallrefupdates=true
core.ignorecase=true
core.precomposeunicode=true
krishnas-MacBook-Air:MyNotes krishna$ git config --global user.name "Krish"
krishnas-MacBook-Air:MyNotes krishna$ git config --global
usage: git config [<options>]

Config file location
    --global              use global config file
    --system              use system config file
    --local               use repository config file
    -f, --file <file>     use given config file
    --blob <blob-id>      read config from given blob object

Action
    --get                 get value: name [value-regex]
    --get-all             get all values: key [value-regex]
    --get-regexp          get values for regexp: name-regex [value-regex]
    --get-urlmatch        get value specific for the URL: section[.var] URL
    --replace-all         replace all matching variables: name value [value_regex]
    --add                 add a new variable: name value
    --unset               remove a variable: name [value-regex]
    --unset-all           remove all matches: name [value-regex]
    --rename-section      rename section: old-name new-name
    --remove-section      remove a section: name
    -l, --list            list all
    -e, --edit            open an editor
    --get-color           find the color configured: slot [default]
    --get-colorbool       find the color setting: slot [stdout-is-tty]

Type
    --bool                value is "true" or "false"
    --int                 value is decimal number
    --bool-or-int         value is --bool or --int
    --path                value is a path (file or directory name)

Other
    -z, --null            terminate values with NUL byte
    --name-only           show variable names only
    --includes            respect include directives on lookup
    --show-origin         show origin of config (file, standard input, blob, command line)

krishnas-MacBook-Air:MyNotes krishna$ git config --list
core.excludesfile=~/.gitignore
core.legacyheaders=false
core.quotepath=false
mergetool.keepbackup=true
push.default=simple
color.ui=auto
color.interactive=auto
repack.usedeltabaseoffset=true
alias.s=status
alias.a=!git add . && git status
alias.au=!git add -u . && git status
alias.aa=!git add . && git add -u . && git status
alias.c=commit
alias.cm=commit -m
alias.ca=commit --amend
alias.ac=!git add . && git commit
alias.acm=!git add . && git commit -m
alias.l=log --graph --all --pretty=format:'%C(yellow)%h%C(cyan)%d%Creset %s %C(white)- %an, %ar%Creset'
alias.ll=log --stat --abbrev-commit
alias.lg=log --color --graph --pretty=format:'%C(bold white)%h%Creset -%C(bold green)%d%Creset %s %C(bold green)(%cr)%Creset %C(bold blue)<%an>%Creset' --abbrev-commit --date=relative
alias.llg=log --color --graph --pretty=format:'%C(bold white)%H %d%Creset%n%s%n%+b%C(bold blue)%an <%ae>%Creset %C(bold green)%cr (%ci)' --abbrev-commit
alias.d=diff
alias.master=checkout master
alias.spull=svn rebase
alias.spush=svn dcommit
alias.alias=!git config --list | grep 'alias\.' | sed 's/alias\.\([^=]*\)=\(.*\)/\1\	 => \2/' | sort
include.path=~/.gitcinclude
include.path=.githubconfig
include.path=.gitcredential
diff.exif.textconv=exif
credential.helper=osxkeychain
user.name=Krish
user.email=iamkrishv@gmail.com
core.repositoryformatversion=0
core.filemode=true
core.bare=false
core.logallrefupdates=true
core.ignorecase=true
core.precomposeunicode=true
krishnas-MacBook-Air:MyNotes krishna$ git config user.name
Krish
krishnas-MacBook-Air:MyNotes krishna$ git log
commit 1702b385b841498622e02f9ea3a867055c22cb9e (HEAD -> master)
Author: Krish <iamkrishv@gmail.com>
Date:   Tue May 1 00:33:29 2018 +0200

    this is my first commit

krishnas-MacBook-Air:~ krishna$ git log
fatal: your current branch 'feature1' does not have any commits yet
krishnas-MacBook-Air:~ krishna$ pwd
/Users/krishna
